pppos.c:738:1:pppos_send_config	0	static
pppos.c:758:1:pppos_recv_config	0	static
pppos.c:823:1:pppos_output_append	32	static
pppos.c:399:1:pppos_destroy	8	static
pppos.c:857:1:pppos_output_last	40	static
pppos.c:253:1:pppos_netif_output	48	static
pppos.c:200:1:pppos_write	48	static
pppos.c:783:1:pppos_input_free_current_packet	8	static
pppos.c:377:1:pppos_disconnect	8	static
pppos.c:313:1:pppos_connect	16	static
pppos.c:799:1:pppos_input_drop	8	static
pppos.c:174:10:pppos_create	32	static
pppos.c:478:1:pppos_input	40	static
