gsm_data_layer.c:995:13:ppp_notify_phase_cb	8	static
gsm_data_layer.c:984:17:ppp_output_callback	8	static
gsm_data_layer.c:82:6:gsm_data_layer_initialize	0	static
gsm_data_layer.c:89:6:gsm_data_layer_is_module_sleeping	0	static
gsm_data_layer.c:98:6:gsm_change_state	16	static
gsm_data_layer.c:722:13:open_ppp_stack	24	static,ignoring_inline_asm
gsm_data_layer.c:846:13:ppp_link_status_cb	16	static
gsm_data_layer.c:186:6:gsm_config_module	32	static
gsm_data_layer.c:667:6:gsm_power_on_sequence	8	static
gsm_data_layer.c:42:6:gsm_state_machine_polling	16	static
gsm_data_layer.c:822:7:gsm_data_layer_get_ppp_control_block	0	static
gsm_data_layer.c:1046:6:lwip_sntp_recv_callback	8	static
gsm_data_layer.c:1058:10:sio_read	8	static
gsm_data_layer.c:1072:6:gsm_hw_pppos_polling	16	static
gsm_data_layer.c:1095:6:gsm_is_in_ppp_mode	0	static
gsm_data_layer.c:1100:6:gsm_data_layer_is_ppp_connected	0	static
gsm_data_layer.c:1105:6:gsm_mnr_task	8	static
