gsm_hardware_layer.c:32:13:usart1_hw_uart_send_raw	8	static
gsm_hardware_layer.c:37:6:gsm_init_hw	8	static
gsm_hardware_layer.c:60:6:gsm_uart_rx_dma_update_rx_index	8	static,ignoring_inline_asm
gsm_hardware_layer.c:75:6:gsm_uart_handler	0	static
gsm_hardware_layer.c:87:6:gsm_hw_layer_run	24	static,ignoring_inline_asm
gsm_hardware_layer.c:205:6:gsm_change_hw_polling_interval	0	static
gsm_hardware_layer.c:210:6:gsm_hw_layer_reset_rx_buffer	8	static
gsm_hardware_layer.c:217:6:gsm_hw_send_at_cmd	32	static
gsm_hardware_layer.c:247:6:gsm_hw_uart_send_raw	8	static
gsm_hardware_layer.c:253:6:gsm_hw_layer_uart_fill_rx	16	static
gsm_hardware_layer.c:289:10:gsm_hardware_layer_copy_ppp_buffer	16	static
gsm_hardware_layer.c:306:7:gsm_get_sim_imei	0	static
gsm_hardware_layer.c:311:7:gsm_get_sim_ccid	0	static
gsm_hardware_layer.c:316:7:gsm_get_module_imei	0	static
gsm_hardware_layer.c:321:6:gsm_set_sim_imei	8	static
gsm_hardware_layer.c:328:6:gsm_set_module_imei	8	static
gsm_hardware_layer.c:334:6:gsm_set_network_operator	8	static
gsm_hardware_layer.c:340:7:gsm_get_network_operator	0	static
