Layer1.c:29:6:CadDoneIrqHandle	0	static
Layer1.c:43:6:TxDoneIrqHandle	8	static
Layer1.c:129:23:Send_Packet	24	static
Layer1.c:53:6:RxTimeOutIrqHandle	0	static
Layer1.c:72:6:L1_Init	0	static
Layer1.c:105:9:LoRa_WriteBuffer	16	static
Layer1.c:144:16:LoRa_ASynTransmit	16	static
Layer1.c:171:16:LoRa_SynTransmit	24	static
Layer1.c:201:16:Receive_Handle	4	static
Layer1.c:224:16:LoRa_BufferHandle	8	static
Layer1.c:47:6:RxDoneIrqHandle	8	static
Layer1.c:256:6:LoRa_Polling	0	static
Layer1.c:277:6:Timer_Callback	0	static
