radio.c:484:16:RadioGetFskBandwidthRegValue	4	static
radio.c:829:6:RadioCheckRfFrequency	0	static
radio.c:1041:10:RadioGetWakeupTime	0	static
radio.c:1062:6:RadioOnDioIrq	0	static
radio.c:904:6:RadioStandby	8	static
radio.c:504:6:RadioInit	8	static
radio.c:523:14:RadioGetStatus	8	static
radio.c:561:6:RadioSetChannel	8	static
radio.c:909:6:RadioRx	8	static
radio.c:970:9:RadioRssi	8	static
radio.c:1005:6:RadioSetMaxPayloadLength	8	static
radio.c:834:10:RadioTimeOnAir	32	static
radio.c:874:6:RadioSend	16	static
radio.c:894:6:RadioSleep	8	static
radio.c:927:6:RadioRxBoosted	8	static
radio.c:945:6:RadioSetRxDutyCycle	8	static
radio.c:950:6:RadioStartCad	8	static
radio.c:960:6:RadioSetTxContinuousWave	8	static
radio.c:975:6:RadioWrite	8	static
radio.c:1022:6:RadioSetPublicNetwork	8	static
radio.c:538:6:RadioSetModem	8	static
radio.c:598:10:RadioRandom	16	static
radio.c:624:6:RadioSetRxConfig	48	static
radio.c:736:6:RadioSetTxConfig	40	static
radio.c:980:9:RadioRead	8	static
radio.c:985:6:RadioWriteBuffer	8	static
radio.c:990:6:RadioReadBuffer	8	static
radio.c:1067:6:RadioIrqProcess	24	static
radio.c:566:6:RadioIsChannelFree	8	static
radio.c:955:6:RadioTx	8	static
radio.c:995:6:RadioWriteFifo	8	static
radio.c:1000:6:RadioReadFifo	8	static
radio.c:1046:6:RadioOnTxTimeoutIrq	8	static
radio.c:1054:6:RadioOnRxTimeoutIrq	8	static
