sx126x.c:103:23:SX126xGetOperatingMode	0	static
sx126x.c:108:6:SX126xCheckDeviceReady	8	static
sx126x.c:119:6:SX126xSetPayload	8	static
sx126x.c:143:9:SX126xSetSyncWord	8	static
sx126x.c:149:6:SX126xSetCrcSeed	16	static
sx126x.c:167:6:SX126xSetCrcPolynomial	16	static
sx126x.c:185:6:SX126xSetWhiteningSeed	8	static
sx126x.c:219:6:SX126xSetSleep	16	static
sx126x.c:227:6:SX126xSetStandby	16	static
sx126x.c:240:6:SX126xSetFs	8	static
sx126x.c:246:6:SX126xSetTx	16	static
sx126x.c:137:6:SX126xSendPayload	8	static
sx126x.c:258:6:SX126xSetRx	16	static
sx126x.c:203:10:SX126xGetRandom	16	static
sx126x.c:270:6:SX126xSetRxBoosted	16	static
sx126x.c:284:6:SX126xSetRxDutyCycle	16	static
sx126x.c:298:6:SX126xSetCad	8	static
sx126x.c:304:6:SX126xSetTxContinuousWave	8	static
sx126x.c:309:6:SX126xSetTxInfinitePreamble	8	static
sx126x.c:314:6:SX126xSetStopRxTimerOnPreambleDetect	16	static
sx126x.c:319:6:SX126xSetLoRaSymbNumTimeout	16	static
sx126x.c:324:6:SX126xSetRegulatorMode	16	static
sx126x.c:329:6:SX126xCalibrate	16	static
sx126x.c:334:6:SX126xCalibrateImage	16	static
sx126x.c:366:6:SX126xSetPaConfig	16	static
sx126x.c:377:6:SX126xSetRxTxFallbackMode	16	static
sx126x.c:382:6:SX126xSetDioIrqParams	16	static
sx126x.c:397:10:SX126xGetIrqStatus	16	static
sx126x.c:405:6:SX126xSetDio2AsRfSwitchCtrl	16	static
sx126x.c:84:6:SX126xInit	8	static
sx126x.c:410:6:SX126xSetDio3AsTcxoCtrl	16	static
sx126x.c:422:6:SX126xSetRfFrequency	16	static
sx126x.c:441:6:SX126xSetPacketType	16	static
sx126x.c:448:20:SX126xGetPacketType	0	static
sx126x.c:453:6:SX126xSetTxParams	24	static
sx126x.c:495:6:SX126xSetModulationParams	16	static
sx126x.c:540:6:SX126xSetPacketParams	24	static
sx126x.c:599:6:SX126xSetCadParams	16	static
sx126x.c:614:6:SX126xSetBufferBaseAddress	16	static
sx126x.c:623:15:SX126xGetStatus	16	static
sx126x.c:633:8:SX126xGetRssiInst	16	static
sx126x.c:643:6:SX126xGetRxBufferStatus	24	static
sx126x.c:124:9:SX126xGetPayload	24	static
sx126x.c:662:6:SX126xGetPacketStatus	16	static
sx126x.c:695:14:SX126xGetDeviceErrors	16	static
sx126x.c:703:6:SX126xClearDeviceErrors	16	static
sx126x.c:709:6:SX126xClearIrqStatus	16	static
